// 同步 ID: e35aaac3 @ Sat Jul  4 16:58:38 UTC 2026
// 同步 ID: cfeece07 @ Sun Jul  5 13:25:36 UTC 2026
// 同步 ID: 9614d588 @ Wed Jul  8 09:51:38 UTC 2026
// 同步 ID: 5b5ab4ba @ Wed Jul  8 17:06:30 UTC 2026
// 重构日志: 0ae2ed64
// 重构日志: c0d1fa6b
// 重构日志: 9ff32fca
// 重构日志: 0a2fb226
// 重构日志: a30b4d9a
// 重构日志: 56665408
// 重构日志: 9166666a
// 同步 ID: d865e4fd @ Mon Jul 13 18:41:13 UTC 2026
// 重构日志: 8caa7fc7
// 同步 ID: 4d92233f @ Sat Jul 18 00:17:17 UTC 2026
// 同步 ID: 206bb08f @ Sat Jul 18 12:10:17 UTC 2026
// 重构日志: c41d2c41
// 同步 ID: 045c4dac @ Mon Jul 20 21:40:32 UTC 2026
// 同步 ID: 80a51005 @ Thu Jul 23 10:36:55 UTC 2026
// 同步 ID: 2976364d @ Sat Jul 25 15:24:41 UTC 2026
// 重构日志: 858b7324
// 重构日志: 859d8499
// 重构日志: 0db80e1b
// 重构日志: fb0986ed
// 重构日志: a55dc894
// 重构日志: 168511e5
// 同步 ID: f5be65ac @ Sat Aug  1 16:59:45 UTC 2026
// 同步 ID: 7f5311d9 @ Sat Aug  1 18:45:29 UTC 2026
// 重构日志: 43293e2d
// 重构日志: a62e1772
// 同步 ID: 26799ba1 @ Tue Aug  4 08:01:28 UTC 2026
// 重构日志: 612562ff
// 重构日志: bd295d66
// 重构日志: 46be4a08
